<html>
<body>
<pre>
<h1>µVision Build Log</h1>
<h2>Tool Versions:</h2>
IDE-Version: µVision V5.23.0.0
Copyright (C) 2017 ARM Ltd and ARM Germany GmbH. All rights reserved.
License Information: Shivam Parashar, FZ, LIC=V8512-9YIZE-AUZ4J-U3TY7-NX0RQ-EYU09
 
Tool Versions:
Toolchain:       MDK-ARM Professional  Version: 5.23
Toolchain Path:  C:\Keil_v5\ARM\ARMCC\Bin
C Compiler:      Armcc.exe V5.06 update 4 (build 422)
Assembler:       Armasm.exe V5.06 update 4 (build 422)
Linker/Locator:  ArmLink.exe V5.06 update 4 (build 422)
Library Manager: ArmAr.exe V5.06 update 4 (build 422)
Hex Converter:   FromElf.exe V5.06 update 4 (build 422)
CPU DLL:         SARMCM3.DLL V5.23
Dialog DLL:      DARMCM1.DLL V1.17.0.0
Target DLL:      STLink\ST-LINKIII-KEIL_SWO.dll V2.0.18.0
Dialog DLL:      TARMCM1.DLL V1.12.0.0
 
<h2>Project:</h2>
F:\5_arm0\stm32f070\gsm test sms\MDK-ARM\gsm test sms.uvprojx
Project File Date:  11/09/2017

<h2>Output:</h2>
*** Using Compiler 'V5.06 update 4 (build 422)', folder: 'C:\Keil_v5\ARM\ARMCC\Bin'
Rebuild target 'gsm test sms'
compiling stm32f0xx_hal_pwr_ex.c...
compiling stm32f0xx_hal_pwr.c...
compiling stm32f0xx_hal_gpio.c...
compiling stm32f0xx_hal.c...
compiling stm32f0xx_hal_uart.c...
compiling stm32f0xx_hal_uart_ex.c...
compiling stm32f0xx_hal_i2c.c...
compiling stm32f0xx_hal_flash.c...
compiling stm32f0xx_hal_i2c_ex.c...
compiling stm32f0xx_hal_dma.c...
compiling stm32f0xx_hal_rcc_ex.c...
compiling stm32f0xx_hal_cortex.c...
compiling stm32f0xx_hal_rcc.c...
compiling stm32f0xx_hal_flash_ex.c...
compiling stm32f0xx_hal_tim.c...
compiling stm32f0xx_hal_tim_ex.c...
compiling stm32f0xx_it.c...
compiling stm32f0xx_hal_msp.c...
assembling startup_stm32f070xb.s...
compiling main.c...
../Src/main.c(122): warning:  #223-D: function "strlen" declared implicitly
  i=strlen(buffer);
../Src/main.c(125): warning:  #167-D: argument of type "char *" is incompatible with parameter of type "uint8_t *"
  HAL_UART_Transmit(&huart1,&buffer[j],1,20);	
../Src/main.c(126): warning:  #167-D: argument of type "char *" is incompatible with parameter of type "uint8_t *"
  HAL_UART_Transmit(&huart4,&buffer[j],1,20);
../Src/main.c: 3 warnings, 0 errors
compiling system_stm32f0xx.c...
linking...
Program Size: Code=5232 RO-data=248 RW-data=8 ZI-data=1472  
FromELF: creating hex file...
"gsm test sms\gsm test sms.axf" - 0 Error(s), 3 Warning(s).

<h2>Software Packages used:</h2>

Package Vendor: ARM
                http://www.keil.com/pack/ARM.CMSIS.5.0.1.pack
                ARM::CMSIS:CORE:5.0.1
                CMSIS (Cortex Microcontroller Software Interface Standard)
   * Component: CORE Version: 5.0.1

<h2>Collection of Component include folders:</h2>
  .\RTE\_gsm_test_sms
  C:\Keil_v5\ARM\PACK\ARM\CMSIS\5.0.1\CMSIS\Include
  C:\Keil_v5\ARM\PACK\Keil\STM32F0xx_DFP\1.5.0\Device\Include

<h2>Collection of Component Files used:</h2>

   * Component: ARM::CMSIS:CORE:5.0.1
Build Time Elapsed:  00:00:14
</pre>
</body>
</html>
