<html>
<body>
<pre>
<h1>µVision Build Log</h1>
<h2>Tool Versions:</h2>
IDE-Version: µVision V5.23.0.0
Copyright (C) 2017 ARM Ltd and ARM Germany GmbH. All rights reserved.
License Information: San sam, SAm, LIC=9N0WF-6Z9N5-LTK3E-5S4ML-4UUX8-8G4FZ
 
Tool Versions:
Toolchain:       MDK-ARM Professional  Version: 5.23
Toolchain Path:  C:\Keil_v5\ARM\ARMCC\Bin
C Compiler:      Armcc.exe V5.06 update 4 (build 422)
Assembler:       Armasm.exe V5.06 update 4 (build 422)
Linker/Locator:  ArmLink.exe V5.06 update 4 (build 422)
Library Manager: ArmAr.exe V5.06 update 4 (build 422)
Hex Converter:   FromElf.exe V5.06 update 4 (build 422)
CPU DLL:         SARMCM3.DLL V5.23
Dialog DLL:      DARMCM1.DLL V1.17.0.0
Target DLL:      STLink\ST-LINKIII-KEIL_SWO.dll V2.0.18.0
Dialog DLL:      TARMCM1.DLL V1.12.0.0
 
<h2>Project:</h2>
C:\Users\sam\Desktop\stm32f070\ledmatrix\MDK-ARM\ledmatrix.uvprojx
Project File Date:  06/23/2017

<h2>Output:</h2>
*** Using Compiler 'V5.06 update 4 (build 422)', folder: 'C:\Keil_v5\ARM\ARMCC\Bin'
Rebuild target 'ledmatrix'
compiling stm32f0xx_it.c...
compiling stm32f0xx_hal_msp.c...
compiling main.c...
../Src/main.c(269): warning:  #188-D: enumerated type mixed with another type
  HAL_GPIO_WritePin(
PIOA,
../Src/main.c(270): warning:  #188-D: enumerated type mixed with another type
  HAL_GPIO_WritePin(
PIOA,
../Src/main.c(271): warning:  #188-D: enumerated type mixed with another type
  HAL_GPIO_WritePin(
PIOA,
../Src/main.c(272): warning:  #188-D: enumerated type mixed with another type
  HAL_GPIO_WritePin(
PIOA,
../Src/main.c(273): warning:  #188-D: enumerated type mixed with another type
  HAL_GPIO_WritePin(
PIOA,
../Src/main.c(274): warning:  #188-D: enumerated type mixed with another type
  HAL_GPIO_WritePin(
PIOA,
../Src/main.c(275): warning:  #188-D: enumerated type mixed with another type
  HAL_GPIO_WritePin(
PIOA,
../Src/main.c(276): warning:  #188-D: enumerated type mixed with another type
  HAL_GPIO_WritePin(
PIOA,
../Src/main.c(278): warning:  #188-D: enumerated type mixed with another type
  HAL_GPIO_WritePin(
PIOC,
../Src/main.c(279): warning:  #188-D: enumerated type mixed with another type
  HAL_GPIO_WritePin(
PIOC,
../Src/main.c(280): warning:  #188-D: enumerated type mixed with another type
  HAL_GPIO_WritePin(
PIOC,
../Src/main.c(281): warning:  #188-D: enumerated type mixed with another type
  HAL_GPIO_WritePin(
PIOC,
../Src/main.c(282): warning:  #188-D: enumerated type mixed with another type
  HAL_GPIO_WritePin(
PIOC,
../Src/main.c(283): warning:  #188-D: enumerated type mixed with another type
  HAL_GPIO_WritePin(
PIOC,
../Src/main.c(284): warning:  #188-D: enumerated type mixed with another type
  HAL_GPIO_WritePin(
PIOC,
../Src/main.c(285): warning:  #188-D: enumerated type mixed with another type
  HAL_GPIO_WritePin(
PIOC,
../Src/main.c(287): warning:  #188-D: enumerated type mixed with another type
  HAL_GPIO_WritePin(
PIOA,
../Src/main.c(288): warning:  #188-D: enumerated type mixed with another type
  HAL_GPIO_WritePin(
PIOA,
../Src/main.c(289): warning:  #188-D: enumerated type mixed with another type
  HAL_GPIO_WritePin(
PIOA,
../Src/main.c(290): warning:  #188-D: enumerated type mixed with another type
  HAL_GPIO_WritePin(
PIOA,
../Src/main.c(291): warning:  #188-D: enumerated type mixed with another type
  HAL_GPIO_WritePin(
PIOA,
../Src/main.c(292): warning:  #188-D: enumerated type mixed with another type
  HAL_GPIO_WritePin(
PIOA,
../Src/main.c(293): warning:  #188-D: enumerated type mixed with another type
  HAL_GPIO_WritePin(
PIOA,
../Src/main.c(294): warning:  #188-D: enumerated type mixed with another type
  HAL_GPIO_WritePin(
PIOA,
../Src/main.c(296): warning:  #188-D: enumerated type mixed with another type
  HAL_GPIO_WritePin(
PIOC,
../Src/main.c(297): warning:  #188-D: enumerated type mixed with another type
  HAL_GPIO_WritePin(
PIOC,
../Src/main.c(298): warning:  #188-D: enumerated type mixed with another type
  HAL_GPIO_WritePin(
PIOC,
../Src/main.c(299): warning:  #188-D: enumerated type mixed with another type
  HAL_GPIO_WritePin(
PIOC,
../Src/main.c(300): warning:  #188-D: enumerated type mixed with another type
  HAL_GPIO_WritePin(
PIOC,
../Src/main.c(301): warning:  #188-D: enumerated type mixed with another type
  HAL_GPIO_WritePin(
PIOC,
../Src/main.c(302): warning:  #188-D: enumerated type mixed with another type
  HAL_GPIO_WritePin(
PIOC,
../Src/main.c(303): warning:  #188-D: enumerated type mixed with another type
  HAL_GPIO_WritePin(
PIOC,
../Src/main.c(312): warning:  #188-D: enumerated type mixed with another type
  HAL_GPIO_WritePin(
PIOA,
../Src/main.c(313): warning:  #188-D: enumerated type mixed with another type
  HAL_GPIO_WritePin(
PIOA,
../Src/main.c(314): warning:  #188-D: enumerated type mixed with another type
  HAL_GPIO_WritePin(
PIOA,
../Src/main.c(315): warning:  #188-D: enumerated type mixed with another type
  HAL_GPIO_WritePin(
PIOA,
../Src/main.c(316): warning:  #188-D: enumerated type mixed with another type
  HAL_GPIO_WritePin(
PIOA,
../Src/main.c(317): warning:  #188-D: enumerated type mixed with another type
  HAL_GPIO_WritePin(
PIOA,
../Src/main.c(318): warning:  #188-D: enumerated type mixed with another type
  HAL_GPIO_WritePin(
PIOA,
../Src/main.c(319): warning:  #188-D: enumerated type mixed with another type
  HAL_GPIO_WritePin(
PIOA,
../Src/main.c(321): warning:  #188-D: enumerated type mixed with another type
  HAL_GPIO_WritePin(
PIOC,
../Src/main.c(322): warning:  #188-D: enumerated type mixed with another type
  HAL_GPIO_WritePin(
PIOC,
../Src/main.c(323): warning:  #188-D: enumerated type mixed with another type
  HAL_GPIO_WritePin(
PIOC,
../Src/main.c(324): warning:  #188-D: enumerated type mixed with another type
  HAL_GPIO_WritePin(
PIOC,
../Src/main.c(325): warning:  #188-D: enumerated type mixed with another type
  HAL_GPIO_WritePin(
PIOC,
../Src/main.c(326): warning:  #188-D: enumerated type mixed with another type
  HAL_GPIO_WritePin(
PIOC,
../Src/main.c(327): warning:  #188-D: enumerated type mixed with another type
  HAL_GPIO_WritePin(
PIOC,
../Src/main.c(328): warning:  #188-D: enumerated type mixed with another type
  HAL_GPIO_WritePin(
PIOC,
../Src/main.c(330): warning:  #188-D: enumerated type mixed with another type
  HAL_GPIO_WritePin(
PIOA,
../Src/main.c(331): warning:  #188-D: enumerated type mixed with another type
  HAL_GPIO_WritePin(
PIOA,
../Src/main.c(332): warning:  #188-D: enumerated type mixed with another type
  HAL_GPIO_WritePin(
PIOA,
../Src/main.c(333): warning:  #188-D: enumerated type mixed with another type
  HAL_GPIO_WritePin(
PIOA,
../Src/main.c(334): warning:  #188-D: enumerated type mixed with another type
  HAL_GPIO_WritePin(
PIOA,
../Src/main.c(335): warning:  #188-D: enumerated type mixed with another type
  HAL_GPIO_WritePin(
PIOA,
../Src/main.c(336): warning:  #188-D: enumerated type mixed with another type
  HAL_GPIO_WritePin(
PIOA,
../Src/main.c(337): warning:  #188-D: enumerated type mixed with another type
  HAL_GPIO_WritePin(
PIOA,
../Src/main.c(339): warning:  #188-D: enumerated type mixed with another type
  HAL_GPIO_WritePin(
PIOC,
../Src/main.c(340): warning:  #188-D: enumerated type mixed with another type
  HAL_GPIO_WritePin(
PIOC,
../Src/main.c(341): warning:  #188-D: enumerated type mixed with another type
  HAL_GPIO_WritePin(
PIOC,
../Src/main.c(342): warning:  #188-D: enumerated type mixed with another type
  HAL_GPIO_WritePin(
PIOC,
../Src/main.c(343): warning:  #188-D: enumerated type mixed with another type
  HAL_GPIO_WritePin(
PIOC,
../Src/main.c(344): warning:  #188-D: enumerated type mixed with another type
  HAL_GPIO_WritePin(
PIOC,
../Src/main.c(345): warning:  #188-D: enumerated type mixed with another type
  HAL_GPIO_WritePin(
PIOC,
../Src/main.c(346): warning:  #188-D: enumerated type mixed with another type
  HAL_GPIO_WritePin(
PIOC,
../Src/main.c(348): warning:  #188-D: enumerated type mixed with another type
  HAL_GPIO_WritePin(
PIOA,
../Src/main.c(349): warning:  #188-D: enumerated type mixed with another type
  HAL_GPIO_WritePin(
PIOA,
../Src/main.c(350): warning:  #188-D: enumerated type mixed with another type
  HAL_GPIO_WritePin(
PIOA,
../Src/main.c(351): warning:  #188-D: enumerated type mixed with another type
  HAL_GPIO_WritePin(
PIOA,
../Src/main.c(352): warning:  #188-D: enumerated type mixed with another type
  HAL_GPIO_WritePin(
PIOA,
../Src/main.c(353): warning:  #188-D: enumerated type mixed with another type
  HAL_GPIO_WritePin(
PIOA,
../Src/main.c(354): warning:  #188-D: enumerated type mixed with another type
  HAL_GPIO_WritePin(
PIOA,
../Src/main.c(355): warning:  #188-D: enumerated type mixed with another type
  HAL_GPIO_WritePin(
PIOA,
../Src/main.c(357): warning:  #188-D: enumerated type mixed with another type
  HAL_GPIO_WritePin(
PIOC,
../Src/main.c(358): warning:  #188-D: enumerated type mixed with another type
  HAL_GPIO_WritePin(
PIOC,
../Src/main.c(359): warning:  #188-D: enumerated type mixed with another type
  HAL_GPIO_WritePin(
PIOC,
../Src/main.c(360): warning:  #188-D: enumerated type mixed with another type
  HAL_GPIO_WritePin(
PIOC,
../Src/main.c(361): warning:  #188-D: enumerated type mixed with another type
  HAL_GPIO_WritePin(
PIOC,
../Src/main.c(362): warning:  #188-D: enumerated type mixed with another type
  HAL_GPIO_WritePin(
PIOC,
../Src/main.c(363): warning:  #188-D: enumerated type mixed with another type
  HAL_GPIO_WritePin(
PIOC,
../Src/main.c(364): warning:  #188-D: enumerated type mixed with another type
  HAL_GPIO_WritePin(
PIOC,
../Src/main.c(372): warning:  #188-D: enumerated type mixed with another type
  HAL_GPIO_WritePin(
PIOA,
../Src/main.c(373): warning:  #188-D: enumerated type mixed with another type
  HAL_GPIO_WritePin(
PIOA,
../Src/main.c(374): warning:  #188-D: enumerated type mixed with another type
  HAL_GPIO_WritePin(
PIOA,
../Src/main.c(375): warning:  #188-D: enumerated type mixed with another type
  HAL_GPIO_WritePin(
PIOA,
../Src/main.c(376): warning:  #188-D: enumerated type mixed with another type
  HAL_GPIO_WritePin(
PIOA,
../Src/main.c(377): warning:  #188-D: enumerated type mixed with another type
  HAL_GPIO_WritePin(
PIOA,
../Src/main.c(378): warning:  #188-D: enumerated type mixed with another type
  HAL_GPIO_WritePin(
PIOA,
../Src/main.c(379): warning:  #188-D: enumerated type mixed with another type
  HAL_GPIO_WritePin(
PIOA,
../Src/main.c(381): warning:  #188-D: enumerated type mixed with another type
  HAL_GPIO_WritePin(
PIOC,
../Src/main.c(382): warning:  #188-D: enumerated type mixed with another type
  HAL_GPIO_WritePin(
PIOC,
../Src/main.c(383): warning:  #188-D: enumerated type mixed with another type
  HAL_GPIO_WritePin(
PIOC,
../Src/main.c(384): warning:  #188-D: enumerated type mixed with another type
  HAL_GPIO_WritePin(
PIOC,
../Src/main.c(385): warning:  #188-D: enumerated type mixed with another type
  HAL_GPIO_WritePin(
PIOC,
../Src/main.c(386): warning:  #188-D: enumerated type mixed with another type
  HAL_GPIO_WritePin(
PIOC,
../Src/main.c(387): warning:  #188-D: enumerated type mixed with another type
  HAL_GPIO_WritePin(
PIOC,
../Src/main.c(388): warning:  #188-D: enumerated type mixed with another type
  HAL_GPIO_WritePin(
PIOC,
../Src/main.c(391): warning:  #188-D: enumerated type mixed with another type
  HAL_GPIO_WritePin(
PIOA,
../Src/main.c(392): warning:  #188-D: enumerated type mixed with another type
  HAL_GPIO_WritePin(
PIOA,
../Src/main.c(393): warning:  #188-D: enumerated type mixed with another type
  HAL_GPIO_WritePin(
PIOA,
../Src/main.c(394): warning:  #188-D: enumerated type mixed with another type
  HAL_GPIO_WritePin(
PIOA,
../Src/main.c(395): warning:  #188-D: enumerated type mixed with another type
  HAL_GPIO_WritePin(
PIOA,
../Src/main.c(396): warning:  #188-D: enumerated type mixed with another type
  HAL_GPIO_WritePin(
PIOA,
../Src/main.c(397): warning:  #188-D: enumerated type mixed with another type
  HAL_GPIO_WritePin(
PIOA,
../Src/main.c(398): warning:  #188-D: enumerated type mixed with another type
  HAL_GPIO_WritePin(
PIOA,
../Src/main.c(400): warning:  #188-D: enumerated type mixed with another type
  HAL_GPIO_WritePin(
PIOC,
../Src/main.c(401): warning:  #188-D: enumerated type mixed with another type
  HAL_GPIO_WritePin(
PIOC,
../Src/main.c(402): warning:  #188-D: enumerated type mixed with another type
  HAL_GPIO_WritePin(
PIOC,
../Src/main.c(403): warning:  #188-D: enumerated type mixed with another type
  HAL_GPIO_WritePin(
PIOC,
../Src/main.c(404): warning:  #188-D: enumerated type mixed with another type
  HAL_GPIO_WritePin(
PIOC,
../Src/main.c(405): warning:  #188-D: enumerated type mixed with another type
  HAL_GPIO_WritePin(
PIOC,
../Src/main.c(406): warning:  #188-D: enumerated type mixed with another type
  HAL_GPIO_WritePin(
PIOC,
../Src/main.c(407): warning:  #188-D: enumerated type mixed with another type
  HAL_GPIO_WritePin(
PIOC,
../Src/main.c(415): warning:  #188-D: enumerated type mixed with another type
  HAL_GPIO_WritePin(
PIOA,
../Src/main.c(416): warning:  #188-D: enumerated type mixed with another type
  HAL_GPIO_WritePin(
PIOA,
../Src/main.c(417): warning:  #188-D: enumerated type mixed with another type
  HAL_GPIO_WritePin(
PIOA,
../Src/main.c(418): warning:  #188-D: enumerated type mixed with another type
  HAL_GPIO_WritePin(
PIOA,
../Src/main.c(419): warning:  #188-D: enumerated type mixed with another type
  HAL_GPIO_WritePin(
PIOA,
../Src/main.c(420): warning:  #188-D: enumerated type mixed with another type
  HAL_GPIO_WritePin(
PIOA,
../Src/main.c(421): warning:  #188-D: enumerated type mixed with another type
  HAL_GPIO_WritePin(
PIOA,
../Src/main.c(422): warning:  #188-D: enumerated type mixed with another type
  HAL_GPIO_WritePin(
PIOA,
../Src/main.c(424): warning:  #188-D: enumerated type mixed with another type
  HAL_GPIO_WritePin(
PIOC,
../Src/main.c(425): warning:  #188-D: enumerated type mixed with another type
  HAL_GPIO_WritePin(
PIOC,
../Src/main.c(426): warning:  #188-D: enumerated type mixed with another type
  HAL_GPIO_WritePin(
PIOC,
../Src/main.c(427): warning:  #188-D: enumerated type mixed with another type
  HAL_GPIO_WritePin(
PIOC,
../Src/main.c(428): warning:  #188-D: enumerated type mixed with another type
  HAL_GPIO_WritePin(
PIOC,
../Src/main.c(429): warning:  #188-D: enumerated type mixed with another type
  HAL_GPIO_WritePin(
PIOC,
../Src/main.c(430): warning:  #188-D: enumerated type mixed with another type
  HAL_GPIO_WritePin(
PIOC,
../Src/main.c(431): warning:  #188-D: enumerated type mixed with another type
  HAL_GPIO_WritePin(
PIOC,
../Src/main.c(434): warning:  #188-D: enumerated type mixed with another type
  HAL_GPIO_WritePin(
PIOA,
../Src/main.c(435): warning:  #188-D: enumerated type mixed with another type
  HAL_GPIO_WritePin(
PIOA,
../Src/main.c(436): warning:  #188-D: enumerated type mixed with another type
  HAL_GPIO_WritePin(
PIOA,
../Src/main.c(437): warning:  #188-D: enumerated type mixed with another type
  HAL_GPIO_WritePin(
PIOA,
../Src/main.c(438): warning:  #188-D: enumerated type mixed with another type
  HAL_GPIO_WritePin(
PIOA,
../Src/main.c(439): warning:  #188-D: enumerated type mixed with another type
  HAL_GPIO_WritePin(
PIOA,
../Src/main.c(440): warning:  #188-D: enumerated type mixed with another type
  HAL_GPIO_WritePin(
PIOA,
../Src/main.c(441): warning:  #188-D: enumerated type mixed with another type
  HAL_GPIO_WritePin(
PIOA,
../Src/main.c(443): warning:  #188-D: enumerated type mixed with another type
  HAL_GPIO_WritePin(
PIOC,
../Src/main.c(444): warning:  #188-D: enumerated type mixed with another type
  HAL_GPIO_WritePin(
PIOC,
../Src/main.c(445): warning:  #188-D: enumerated type mixed with another type
  HAL_GPIO_WritePin(
PIOC,
../Src/main.c(446): warning:  #188-D: enumerated type mixed with another type
  HAL_GPIO_WritePin(
PIOC,
../Src/main.c(447): warning:  #188-D: enumerated type mixed with another type
  HAL_GPIO_WritePin(
PIOC,
../Src/main.c(448): warning:  #188-D: enumerated type mixed with another type
  HAL_GPIO_WritePin(
PIOC,
../Src/main.c(449): warning:  #188-D: enumerated type mixed with another type
  HAL_GPIO_WritePin(
PIOC,
../Src/main.c(450): warning:  #188-D: enumerated type mixed with another type
  HAL_GPIO_WritePin(
PIOC,
../Src/main.c(458): warning:  #188-D: enumerated type mixed with another type
  HAL_GPIO_WritePin(
PIOA,
../Src/main.c(459): warning:  #188-D: enumerated type mixed with another type
  HAL_GPIO_WritePin(
PIOA,
../Src/main.c(460): warning:  #188-D: enumerated type mixed with another type
  HAL_GPIO_WritePin(
PIOA,
../Src/main.c(461): warning:  #188-D: enumerated type mixed with another type
  HAL_GPIO_WritePin(
PIOA,
../Src/main.c(462): warning:  #188-D: enumerated type mixed with another type
  HAL_GPIO_WritePin(
PIOA,
../Src/main.c(463): warning:  #188-D: enumerated type mixed with another type
  HAL_GPIO_WritePin(
PIOA,
../Src/main.c(464): warning:  #188-D: enumerated type mixed with another type
  HAL_GPIO_WritePin(
PIOA,
../Src/main.c(465): warning:  #188-D: enumerated type mixed with another type
  HAL_GPIO_WritePin(
PIOA,
../Src/main.c(467): warning:  #188-D: enumerated type mixed with another type
  HAL_GPIO_WritePin(
PIOC,
../Src/main.c(468): warning:  #188-D: enumerated type mixed with another type
  HAL_GPIO_WritePin(
PIOC,
../Src/main.c(469): warning:  #188-D: enumerated type mixed with another type
  HAL_GPIO_WritePin(
PIOC,
../Src/main.c(470): warning:  #188-D: enumerated type mixed with another type
  HAL_GPIO_WritePin(
PIOC,
../Src/main.c(471): warning:  #188-D: enumerated type mixed with another type
  HAL_GPIO_WritePin(
PIOC,
../Src/main.c(472): warning:  #188-D: enumerated type mixed with another type
  HAL_GPIO_WritePin(
PIOC,
../Src/main.c(473): warning:  #188-D: enumerated type mixed with another type
  HAL_GPIO_WritePin(
PIOC,
../Src/main.c(474): warning:  #188-D: enumerated type mixed with another type
  HAL_GPIO_WritePin(
PIOC,
../Src/main.c(477): warning:  #188-D: enumerated type mixed with another type
  HAL_GPIO_WritePin(
PIOA,
../Src/main.c(478): warning:  #188-D: enumerated type mixed with another type
  HAL_GPIO_WritePin(
PIOA,
../Src/main.c(479): warning:  #188-D: enumerated type mixed with another type
  HAL_GPIO_WritePin(
PIOA,
../Src/main.c(480): warning:  #188-D: enumerated type mixed with another type
  HAL_GPIO_WritePin(
PIOA,
../Src/main.c(481): warning:  #188-D: enumerated type mixed with another type
  HAL_GPIO_WritePin(
PIOA,
../Src/main.c(482): warning:  #188-D: enumerated type mixed with another type
  HAL_GPIO_WritePin(
PIOA,
../Src/main.c(483): warning:  #188-D: enumerated type mixed with another type
  HAL_GPIO_WritePin(
PIOA,
../Src/main.c(484): warning:  #188-D: enumerated type mixed with another type
  HAL_GPIO_WritePin(
PIOA,
../Src/main.c(486): warning:  #188-D: enumerated type mixed with another type
  HAL_GPIO_WritePin(
PIOC,
../Src/main.c(487): warning:  #188-D: enumerated type mixed with another type
  HAL_GPIO_WritePin(
PIOC,
../Src/main.c(488): warning:  #188-D: enumerated type mixed with another type
  HAL_GPIO_WritePin(
PIOC,
../Src/main.c(489): warning:  #188-D: enumerated type mixed with another type
  HAL_GPIO_WritePin(
PIOC,
../Src/main.c(490): warning:  #188-D: enumerated type mixed with another type
  HAL_GPIO_WritePin(
PIOC,
../Src/main.c(491): warning:  #188-D: enumerated type mixed with another type
  HAL_GPIO_WritePin(
PIOC,
../Src/main.c(492): warning:  #188-D: enumerated type mixed with another type
  HAL_GPIO_WritePin(
PIOC,
../Src/main.c(493): warning:  #188-D: enumerated type mixed with another type
  HAL_GPIO_WritePin(
PIOC,
../Src/main.c(496): warning:  #188-D: enumerated type mixed with another type
  HAL_GPIO_WritePin(
PIOA,
../Src/main.c(497): warning:  #188-D: enumerated type mixed with another type
  HAL_GPIO_WritePin(
PIOA,
../Src/main.c(498): warning:  #188-D: enumerated type mixed with another type
  HAL_GPIO_WritePin(
PIOA,
../Src/main.c(499): warning:  #188-D: enumerated type mixed with another type
  HAL_GPIO_WritePin(
PIOA,
../Src/main.c(500): warning:  #188-D: enumerated type mixed with another type
  HAL_GPIO_WritePin(
PIOA,
../Src/main.c(501): warning:  #188-D: enumerated type mixed with another type
  HAL_GPIO_WritePin(
PIOA,
../Src/main.c(502): warning:  #188-D: enumerated type mixed with another type
  HAL_GPIO_WritePin(
PIOA,
../Src/main.c(503): warning:  #188-D: enumerated type mixed with another type
  HAL_GPIO_WritePin(
PIOA,
../Src/main.c(505): warning:  #188-D: enumerated type mixed with another type
  HAL_GPIO_WritePin(
PIOC,
../Src/main.c(506): warning:  #188-D: enumerated type mixed with another type
  HAL_GPIO_WritePin(
PIOC,
../Src/main.c(507): warning:  #188-D: enumerated type mixed with another type
  HAL_GPIO_WritePin(
PIOC,
../Src/main.c(508): warning:  #188-D: enumerated type mixed with another type
  HAL_GPIO_WritePin(
PIOC,
../Src/main.c(509): warning:  #188-D: enumerated type mixed with another type
  HAL_GPIO_WritePin(
PIOC,
../Src/main.c(510): warning:  #188-D: enumerated type mixed with another type
  HAL_GPIO_WritePin(
PIOC,
../Src/main.c(511): warning:  #188-D: enumerated type mixed with another type
  HAL_GPIO_WritePin(
PIOC,
../Src/main.c(512): warning:  #188-D: enumerated type mixed with another type
  HAL_GPIO_WritePin(
PIOC,
../Src/main.c(520): warning:  #188-D: enumerated type mixed with another type
  HAL_GPIO_WritePin(
PIOA,
../Src/main.c(521): warning:  #188-D: enumerated type mixed with another type
  HAL_GPIO_WritePin(
PIOA,
../Src/main.c(522): warning:  #188-D: enumerated type mixed with another type
  HAL_GPIO_WritePin(
PIOA,
../Src/main.c(523): warning:  #188-D: enumerated type mixed with another type
  HAL_GPIO_WritePin(
PIOA,
../Src/main.c(524): warning:  #188-D: enumerated type mixed with another type
  HAL_GPIO_WritePin(
PIOA,
../Src/main.c(525): warning:  #188-D: enumerated type mixed with another type
  HAL_GPIO_WritePin(
PIOA,
../Src/main.c(526): warning:  #188-D: enumerated type mixed with another type
  HAL_GPIO_WritePin(
PIOA,
../Src/main.c(527): warning:  #188-D: enumerated type mixed with another type
  HAL_GPIO_WritePin(
PIOA,
../Src/main.c(529): warning:  #188-D: enumerated type mixed with another type
  HAL_GPIO_WritePin(
PIOC,
../Src/main.c(530): warning:  #188-D: enumerated type mixed with another type
  HAL_GPIO_WritePin(
PIOC,
../Src/main.c(531): warning:  #188-D: enumerated type mixed with another type
  HAL_GPIO_WritePin(
PIOC,
../Src/main.c(532): warning:  #188-D: enumerated type mixed with another type
  HAL_GPIO_WritePin(
PIOC,
../Src/main.c(533): warning:  #188-D: enumerated type mixed with another type
  HAL_GPIO_WritePin(
PIOC,
../Src/main.c(534): warning:  #188-D: enumerated type mixed with another type
  HAL_GPIO_WritePin(
PIOC,
../Src/main.c(535): warning:  #188-D: enumerated type mixed with another type
  HAL_GPIO_WritePin(
PIOC,
../Src/main.c(536): warning:  #188-D: enumerated type mixed with another type
  HAL_GPIO_WritePin(
PIOC,
../Src/main.c(539): warning:  #188-D: enumerated type mixed with another type
  HAL_GPIO_WritePin(
PIOA,
../Src/main.c(540): warning:  #188-D: enumerated type mixed with another type
  HAL_GPIO_WritePin(
PIOA,
../Src/main.c(541): warning:  #188-D: enumerated type mixed with another type
  HAL_GPIO_WritePin(
PIOA,
../Src/main.c(542): warning:  #188-D: enumerated type mixed with another type
  HAL_GPIO_WritePin(
PIOA,
../Src/main.c(543): warning:  #188-D: enumerated type mixed with another type
  HAL_GPIO_WritePin(
PIOA,
../Src/main.c(544): warning:  #188-D: enumerated type mixed with another type
  HAL_GPIO_WritePin(
PIOA,
../Src/main.c(545): warning:  #188-D: enumerated type mixed with another type
  HAL_GPIO_WritePin(
PIOA,
../Src/main.c(546): warning:  #188-D: enumerated type mixed with another type
  HAL_GPIO_WritePin(
PIOA,
../Src/main.c(548): warning:  #188-D: enumerated type mixed with another type
  HAL_GPIO_WritePin(
PIOC,
../Src/main.c(549): warning:  #188-D: enumerated type mixed with another type
  HAL_GPIO_WritePin(
PIOC,
../Src/main.c(550): warning:  #188-D: enumerated type mixed with another type
  HAL_GPIO_WritePin(
PIOC,
../Src/main.c(551): warning:  #188-D: enumerated type mixed with another type
  HAL_GPIO_WritePin(
PIOC,
../Src/main.c(552): warning:  #188-D: enumerated type mixed with another type
  HAL_GPIO_WritePin(
PIOC,
../Src/main.c(553): warning:  #188-D: enumerated type mixed with another type
  HAL_GPIO_WritePin(
PIOC,
../Src/main.c(554): warning:  #188-D: enumerated type mixed with another type
  HAL_GPIO_WritePin(
PIOC,
../Src/main.c(555): warning:  #188-D: enumerated type mixed with another type
  HAL_GPIO_WritePin(
PIOC,
../Src/main.c(558): warning:  #188-D: enumerated type mixed with another type
  HAL_GPIO_WritePin(
PIOA,
../Src/main.c(559): warning:  #188-D: enumerated type mixed with another type
  HAL_GPIO_WritePin(
PIOA,
../Src/main.c(560): warning:  #188-D: enumerated type mixed with another type
  HAL_GPIO_WritePin(
PIOA,
../Src/main.c(561): warning:  #188-D: enumerated type mixed with another type
  HAL_GPIO_WritePin(
PIOA,
../Src/main.c(562): warning:  #188-D: enumerated type mixed with another type
  HAL_GPIO_WritePin(
PIOA,
../Src/main.c(563): warning:  #188-D: enumerated type mixed with another type
  HAL_GPIO_WritePin(
PIOA,
../Src/main.c(564): warning:  #188-D: enumerated type mixed with another type
  HAL_GPIO_WritePin(
PIOA,
../Src/main.c(565): warning:  #188-D: enumerated type mixed with another type
  HAL_GPIO_WritePin(
PIOA,
../Src/main.c(567): warning:  #188-D: enumerated type mixed with another type
  HAL_GPIO_WritePin(
PIOC,
../Src/main.c(568): warning:  #188-D: enumerated type mixed with another type
  HAL_GPIO_WritePin(
PIOC,
../Src/main.c(569): warning:  #188-D: enumerated type mixed with another type
  HAL_GPIO_WritePin(
PIOC,
../Src/main.c(570): warning:  #188-D: enumerated type mixed with another type
  HAL_GPIO_WritePin(
PIOC,
../Src/main.c(571): warning:  #188-D: enumerated type mixed with another type
  HAL_GPIO_WritePin(
PIOC,
../Src/main.c(572): warning:  #188-D: enumerated type mixed with another type
  HAL_GPIO_WritePin(
PIOC,
../Src/main.c(573): warning:  #188-D: enumerated type mixed with another type
  HAL_GPIO_WritePin(
PIOC,
../Src/main.c(574): warning:  #188-D: enumerated type mixed with another type
  HAL_GPIO_WritePin(
PIOC,
../Src/main.c(583): warning:  #188-D: enumerated type mixed with another type
  HAL_GPIO_WritePin(
PIOA,
../Src/main.c(584): warning:  #188-D: enumerated type mixed with another type
  HAL_GPIO_WritePin(
PIOA,
../Src/main.c(585): warning:  #188-D: enumerated type mixed with another type
  HAL_GPIO_WritePin(
PIOA,
../Src/main.c(586): warning:  #188-D: enumerated type mixed with another type
  HAL_GPIO_WritePin(
PIOA,
../Src/main.c(587): warning:  #188-D: enumerated type mixed with another type
  HAL_GPIO_WritePin(
PIOA,
../Src/main.c(588): warning:  #188-D: enumerated type mixed with another type
  HAL_GPIO_WritePin(
PIOA,
../Src/main.c(589): warning:  #188-D: enumerated type mixed with another type
  HAL_GPIO_WritePin(
PIOA,
../Src/main.c(590): warning:  #188-D: enumerated type mixed with another type
  HAL_GPIO_WritePin(
PIOA,
../Src/main.c(592): warning:  #188-D: enumerated type mixed with another type
  HAL_GPIO_WritePin(
PIOC,
../Src/main.c(593): warning:  #188-D: enumerated type mixed with another type
  HAL_GPIO_WritePin(
PIOC,
../Src/main.c(594): warning:  #188-D: enumerated type mixed with another type
  HAL_GPIO_WritePin(
PIOC,
../Src/main.c(595): warning:  #188-D: enumerated type mixed with another type
  HAL_GPIO_WritePin(
PIOC,
../Src/main.c(596): warning:  #188-D: enumerated type mixed with another type
  HAL_GPIO_WritePin(
PIOC,
../Src/main.c(597): warning:  #188-D: enumerated type mixed with another type
  HAL_GPIO_WritePin(
PIOC,
../Src/main.c(598): warning:  #188-D: enumerated type mixed with another type
  HAL_GPIO_WritePin(
PIOC,
../Src/main.c(599): warning:  #188-D: enumerated type mixed with another type
  HAL_GPIO_WritePin(
PIOC,
../Src/main.c(601): warning:  #188-D: enumerated type mixed with another type
  HAL_GPIO_WritePin(
PIOA,
../Src/main.c(602): warning:  #188-D: enumerated type mixed with another type
  HAL_GPIO_WritePin(
PIOA,
../Src/main.c(603): warning:  #188-D: enumerated type mixed with another type
  HAL_GPIO_WritePin(
PIOA,
../Src/main.c(604): warning:  #188-D: enumerated type mixed with another type
  HAL_GPIO_WritePin(
PIOA,
../Src/main.c(605): warning:  #188-D: enumerated type mixed with another type
  HAL_GPIO_WritePin(
PIOA,
../Src/main.c(606): warning:  #188-D: enumerated type mixed with another type
  HAL_GPIO_WritePin(
PIOA,
../Src/main.c(607): warning:  #188-D: enumerated type mixed with another type
  HAL_GPIO_WritePin(
PIOA,
../Src/main.c(608): warning:  #188-D: enumerated type mixed with another type
  HAL_GPIO_WritePin(
PIOA,
../Src/main.c(610): warning:  #188-D: enumerated type mixed with another type
  HAL_GPIO_WritePin(
PIOC,
../Src/main.c(611): warning:  #188-D: enumerated type mixed with another type
  HAL_GPIO_WritePin(
PIOC,
../Src/main.c(612): warning:  #188-D: enumerated type mixed with another type
  HAL_GPIO_WritePin(
PIOC,
../Src/main.c(613): warning:  #188-D: enumerated type mixed with another type
  HAL_GPIO_WritePin(
PIOC,
../Src/main.c(614): warning:  #188-D: enumerated type mixed with another type
  HAL_GPIO_WritePin(
PIOC,
../Src/main.c(615): warning:  #188-D: enumerated type mixed with another type
  HAL_GPIO_WritePin(
PIOC,
../Src/main.c(616): warning:  #188-D: enumerated type mixed with another type
  HAL_GPIO_WritePin(
PIOC,
../Src/main.c(617): warning:  #188-D: enumerated type mixed with another type
  HAL_GPIO_WritePin(
PIOC,
../Src/main.c(620): warning:  #188-D: enumerated type mixed with another type
  HAL_GPIO_WritePin(
PIOA,
../Src/main.c(621): warning:  #188-D: enumerated type mixed with another type
  HAL_GPIO_WritePin(
PIOA,
../Src/main.c(622): warning:  #188-D: enumerated type mixed with another type
  HAL_GPIO_WritePin(
PIOA,
../Src/main.c(623): warning:  #188-D: enumerated type mixed with another type
  HAL_GPIO_WritePin(
PIOA,
../Src/main.c(624): warning:  #188-D: enumerated type mixed with another type
  HAL_GPIO_WritePin(
PIOA,
../Src/main.c(625): warning:  #188-D: enumerated type mixed with another type
  HAL_GPIO_WritePin(
PIOA,
../Src/main.c(626): warning:  #188-D: enumerated type mixed with another type
  HAL_GPIO_WritePin(
PIOA,
../Src/main.c(627): warning:  #188-D: enumerated type mixed with another type
  HAL_GPIO_WritePin(
PIOA,
../Src/main.c(629): warning:  #188-D: enumerated type mixed with another type
  HAL_GPIO_WritePin(
PIOC,
../Src/main.c(630): warning:  #188-D: enumerated type mixed with another type
  HAL_GPIO_WritePin(
PIOC,
../Src/main.c(631): warning:  #188-D: enumerated type mixed with another type
  HAL_GPIO_WritePin(
PIOC,
../Src/main.c(632): warning:  #188-D: enumerated type mixed with another type
  HAL_GPIO_WritePin(
PIOC,
../Src/main.c(633): warning:  #188-D: enumerated type mixed with another type
  HAL_GPIO_WritePin(
PIOC,
../Src/main.c(634): warning:  #188-D: enumerated type mixed with another type
  HAL_GPIO_WritePin(
PIOC,
../Src/main.c(635): warning:  #188-D: enumerated type mixed with another type
  HAL_GPIO_WritePin(
PIOC,
../Src/main.c(636): warning:  #188-D: enumerated type mixed with another type
  HAL_GPIO_WritePin(
PIOC,
../Src/main.c(644): warning:  #188-D: enumerated type mixed with another type
  HAL_GPIO_WritePin(
PIOA,
../Src/main.c(645): warning:  #188-D: enumerated type mixed with another type
  HAL_GPIO_WritePin(
PIOA,
../Src/main.c(646): warning:  #188-D: enumerated type mixed with another type
  HAL_GPIO_WritePin(
PIOA,
../Src/main.c(647): warning:  #188-D: enumerated type mixed with another type
  HAL_GPIO_WritePin(
PIOA,
../Src/main.c(648): warning:  #188-D: enumerated type mixed with another type
  HAL_GPIO_WritePin(
PIOA,
../Src/main.c(649): warning:  #188-D: enumerated type mixed with another type
  HAL_GPIO_WritePin(
PIOA,
../Src/main.c(650): warning:  #188-D: enumerated type mixed with another type
  HAL_GPIO_WritePin(
PIOA,
../Src/main.c(651): warning:  #188-D: enumerated type mixed with another type
  HAL_GPIO_WritePin(
PIOA,
../Src/main.c(653): warning:  #188-D: enumerated type mixed with another type
  HAL_GPIO_WritePin(
PIOC,
../Src/main.c(654): warning:  #188-D: enumerated type mixed with another type
  HAL_GPIO_WritePin(
PIOC,
../Src/main.c(655): warning:  #188-D: enumerated type mixed with another type
  HAL_GPIO_WritePin(
PIOC,
../Src/main.c(656): warning:  #188-D: enumerated type mixed with another type
  HAL_GPIO_WritePin(
PIOC,
../Src/main.c(657): warning:  #188-D: enumerated type mixed with another type
  HAL_GPIO_WritePin(
PIOC,
../Src/main.c(658): warning:  #188-D: enumerated type mixed with another type
  HAL_GPIO_WritePin(
PIOC,
../Src/main.c(659): warning:  #188-D: enumerated type mixed with another type
  HAL_GPIO_WritePin(
PIOC,
../Src/main.c(660): warning:  #188-D: enumerated type mixed with another type
  HAL_GPIO_WritePin(
PIOC,
../Src/main.c(662): warning:  #188-D: enumerated type mixed with another type
  HAL_GPIO_WritePin(
PIOA,
../Src/main.c(663): warning:  #188-D: enumerated type mixed with another type
  HAL_GPIO_WritePin(
PIOA,
../Src/main.c(664): warning:  #188-D: enumerated type mixed with another type
  HAL_GPIO_WritePin(
PIOA,
../Src/main.c(665): warning:  #188-D: enumerated type mixed with another type
  HAL_GPIO_WritePin(
PIOA,
../Src/main.c(666): warning:  #188-D: enumerated type mixed with another type
  HAL_GPIO_WritePin(
PIOA,
../Src/main.c(667): warning:  #188-D: enumerated type mixed with another type
  HAL_GPIO_WritePin(
PIOA,
../Src/main.c(668): warning:  #188-D: enumerated type mixed with another type
  HAL_GPIO_WritePin(
PIOA,
../Src/main.c(669): warning:  #188-D: enumerated type mixed with another type
  HAL_GPIO_WritePin(
PIOA,
../Src/main.c(671): warning:  #188-D: enumerated type mixed with another type
  HAL_GPIO_WritePin(
PIOC,
../Src/main.c(672): warning:  #188-D: enumerated type mixed with another type
  HAL_GPIO_WritePin(
PIOC,
../Src/main.c(673): warning:  #188-D: enumerated type mixed with another type
  HAL_GPIO_WritePin(
PIOC,
../Src/main.c(674): warning:  #188-D: enumerated type mixed with another type
  HAL_GPIO_WritePin(
PIOC,
../Src/main.c(675): warning:  #188-D: enumerated type mixed with another type
  HAL_GPIO_WritePin(
PIOC,
../Src/main.c(676): warning:  #188-D: enumerated type mixed with another type
  HAL_GPIO_WritePin(
PIOC,
../Src/main.c(677): warning:  #188-D: enumerated type mixed with another type
  HAL_GPIO_WritePin(
PIOC,
../Src/main.c(678): warning:  #188-D: enumerated type mixed with another type
  HAL_GPIO_WritePin(
PIOC,
../Src/main.c: 320 warnings, 0 errors
compiling stm32f0xx_hal_cortex.c...
compiling stm32f0xx_hal.c...
compiling stm32f0xx_hal_i2c_ex.c...
compiling stm32f0xx_hal_rcc_ex.c...
compiling stm32f0xx_hal_gpio.c...
compiling stm32f0xx_hal_pwr_ex.c...
compiling stm32f0xx_hal_flash.c...
compiling stm32f0xx_hal_rcc.c...
compiling stm32f0xx_hal_pwr.c...
compiling stm32f0xx_hal_dma.c...
compiling stm32f0xx_hal_flash_ex.c...
assembling startup_stm32f070xb.s...
compiling system_stm32f0xx.c...
compiling stm32f0xx_hal_i2c.c...
linking...
Program Size: Code=2472 RO-data=240 RW-data=8 ZI-data=1024  
FromELF: creating hex file...
"ledmatrix\ledmatrix.axf" - 0 Error(s), 320 Warning(s).

<h2>Software Packages used:</h2>

Package Vendor: ARM
                http://www.keil.com/pack/ARM.CMSIS.5.0.1.pack
                ARM::CMSIS:CORE:5.0.1
                CMSIS (Cortex Microcontroller Software Interface Standard)
   * Component: CORE Version: 5.0.1

<h2>Collection of Component include folders:</h2>
  .\RTE\_ledmatrix
  C:\Keil_v5\ARM\PACK\ARM\CMSIS\5.0.1\CMSIS\Include
  C:\Keil_v5\ARM\PACK\Keil\STM32F0xx_DFP\1.5.0\Device\Include

<h2>Collection of Component Files used:</h2>

   * Component: ARM::CMSIS:CORE:5.0.1
Build Time Elapsed:  00:00:09
</pre>
</body>
</html>
