<html>
<body>
<pre>
<h1>µVision Build Log</h1>
<h2>Tool Versions:</h2>
IDE-Version: µVision V5.23.0.0
Copyright (C) 2017 ARM Ltd and ARM Germany GmbH. All rights reserved.
License Information: San sam, SAm, LIC=9N0WF-6Z9N5-LTK3E-5S4ML-4UUX8-8G4FZ
 
Tool Versions:
Toolchain:       MDK-ARM Professional  Version: 5.23
Toolchain Path:  C:\Keil_v5\ARM\ARMCC\Bin
C Compiler:      Armcc.exe V5.06 update 4 (build 422)
Assembler:       Armasm.exe V5.06 update 4 (build 422)
Linker/Locator:  ArmLink.exe V5.06 update 4 (build 422)
Library Manager: ArmAr.exe V5.06 update 4 (build 422)
Hex Converter:   FromElf.exe V5.06 update 4 (build 422)
CPU DLL:         SARMCM3.DLL V5.23
Dialog DLL:      DARMCM1.DLL V1.17.0.0
Target DLL:      STLink\ST-LINKIII-KEIL_SWO.dll V2.0.18.0
Dialog DLL:      TARMCM1.DLL V1.12.0.0
 
<h2>Project:</h2>
C:\Users\sam\Desktop\stm32f070\esp uplink test\MDK-ARM\esp uplink test.uvprojx
Project File Date:  07/25/2017

<h2>Output:</h2>
*** Using Compiler 'V5.06 update 4 (build 422)', folder: 'C:\Keil_v5\ARM\ARMCC\Bin'
Build target 'esp uplink test'
compiling main.c...
../Src/main.c(83): warning:  #223-D: function "strlen" declared implicitly
  i=strlen(buffer);
../Src/main.c(86): warning:  #167-D: argument of type "char *" is incompatible with parameter of type "uint8_t *"
  HAL_UART_Transmit(&huart3,&buffer[j],1,20);
../Src/main.c(94): warning:  #167-D: argument of type "char *" is incompatible with parameter of type "uint8_t *"
  HAL_UART_Transmit(&huart3,&buffer[j],1,20);
../Src/main.c(105): warning:  #167-D: argument of type "char *" is incompatible with parameter of type "uint8_t *"
  HAL_UART_Transmit(&huart3,&buffer[j],1,20);
../Src/main.c(111): warning:  #167-D: argument of type "char *" is incompatible with parameter of type "uint8_t *"
  HAL_UART_Transmit(&huart3,&buff[j],1,20);
../Src/main.c(169): warning:  #223-D: function "strlen" declared implicitly
  i=strlen(buffer);
../Src/main.c(172): warning:  #167-D: argument of type "char *" is incompatible with parameter of type "uint8_t *"
  HAL_UART_Transmit(&huart3,&buffer[j],1,20);
../Src/main.c(180): warning:  #167-D: argument of type "char *" is incompatible with parameter of type "uint8_t *"
  HAL_UART_Transmit(&huart3,&buffer[j],1,20);
../Src/main.c(191): warning:  #167-D: argument of type "char *" is incompatible with parameter of type "uint8_t *"
  HAL_UART_Transmit(&huart3,&buffer[j],1,20);
../Src/main.c(197): warning:  #167-D: argument of type "char *" is incompatible with parameter of type "uint8_t *"
  HAL_UART_Transmit(&huart3,&buff[j],1,20);
../Src/main.c: 10 warnings, 0 errors
linking...
Program Size: Code=6512 RO-data=336 RW-data=20 ZI-data=1524  
FromELF: creating hex file...
"esp uplink test\esp uplink test.axf" - 0 Error(s), 10 Warning(s).

<h2>Software Packages used:</h2>

Package Vendor: ARM
                http://www.keil.com/pack/ARM.CMSIS.5.0.1.pack
                ARM::CMSIS:CORE:5.0.1
                CMSIS (Cortex Microcontroller Software Interface Standard)
   * Component: CORE Version: 5.0.1

<h2>Collection of Component include folders:</h2>
  .\RTE\_esp_uplink_test
  C:\Keil_v5\ARM\PACK\ARM\CMSIS\5.0.1\CMSIS\Include
  C:\Keil_v5\ARM\PACK\Keil\STM32F0xx_DFP\1.5.0\Device\Include

<h2>Collection of Component Files used:</h2>

   * Component: ARM::CMSIS:CORE:5.0.1
Build Time Elapsed:  00:00:01
</pre>
</body>
</html>
